// Jest Snapshot v1, https://goo.gl/fbAQLP

exports[`SpinnerComponentTest Component renders with all props 1`] = `
<styled.div>
  <div />
  <div />
  <div />
</styled.div>
`;
