// Jest Snapshot v1, https://goo.gl/fbAQLP

exports[`Content Component has correct default styles 1`] = `
.c0 {
  padding: 15px;
  display: -webkit-box;
  display: -webkit-flex;
  display: -ms-flexbox;
  display: flex;
  -webkit-flex-direction: column;
  -ms-flex-direction: column;
  flex-direction: column;
  -webkit-flex: 1;
  -ms-flex: 1;
  flex: 1;
  margin-top: 10px;
}

@media (min-width:48rem) {
  .c0 {
    padding: 25px 25px;
    max-width: 62.5rem;
  }
}

<div
  className="c0"
>
  Some Content
</div>
`;
